../Drivers/CMSIS/Include/core_cm4.h:1933:34:__NVIC_SystemReset	4	static,ignoring_inline_asm
../Core/Src/main.c:130:5:main	8	static
../Core/Src/main.c:217:6:SystemClock_Config	88	static
../Core/Src/main.c:264:13:MX_LPUART1_UART_Init	8	static
../Core/Src/main.c:311:13:MX_TIM2_Init	64	static
../Core/Src/main.c:370:13:MX_TIM3_Init	64	static
../Core/Src/main.c:431:13:MX_DMA_Init	16	static
../Core/Src/main.c:453:13:MX_GPIO_Init	48	static
../Core/Src/main.c:516:6:timer_callback	32	static
../Core/Src/main.c:530:6:BrusheMotorControlled	8	static
../Core/Src/main.c:542:6:BrushUpDownControlled	8	static
../Core/Src/main.c:559:6:BrushUpDownMode	48	static
../Core/Src/main.c:580:6:subscription_callback_servo	24	static
../Core/Src/main.c:587:6:subscription_callback_Brush	24	static
../Core/Src/main.c:602:6:StartDefaultTask	216	static
../Core/Src/main.c:684:6:HAL_TIM_PeriodElapsedCallback	16	static
../Core/Src/main.c:701:6:Error_Handler	4	static,ignoring_inline_asm
